[www.sloodle.org/docs/Sloodle_Developer_Documents.html]
[backblue.gif]
[fade.gif]
[index.html]
[www.sloodle.org/docs/Translating_on_the_Sloodle_wiki.html]
[www.sloodle.org/css/all.css]
[www.sloodle.org/docs/Translating_the_Sloodle_module.html]
[www.sloodle.org/docs/Translating_Sloodle_objects_in_Second_Life.html]
[www.sloodle.org/docs/Installing_the_Sloodle_Module.html]
[www.sloodle.org/docs/How_do_I_Get_Started_with_Sloodle.html]
[www.sloodle.org/docs/Getting_help_with_Sloodle.html]
[www.sloodle.org/docs/Reporting_Sloodle_problems.html]
[www.sloodle.org/docs/Making_new_Sloodle_objects.html]
[www.sloodle.org/docs/Getting_started_as_a_Sloodle_programmer.html]
[www.sloodle.org/docs/Sloodle_programming_survival_kit.html]
[www.sloodle.org/docs/How_objects_get_setup_with_basic_class_configuration_information.html]
[www.sloodle.org/docs/Moodle-SL_Interactions.html]
[www.sloodle.org/docs/Sloodle_programming_guidelines.html]
[www.sloodle.org/docs/Sloodle_Source_Code_Repository.html]
[www.sloodle.org/docs/XMLRPC_in_Sloodle.html]
[www.sloodle.org/docs/Update_Module_Page.html]
[www.sloodle.org/docs/Add_Module_Page.html]
[www.sloodle.org/docs/AddElement_attributes.html]
[www.sloodle.org/docs/http__/localhost/sl/index.148ef3.delayed]
[www.sloodle.org/docs/Unit_tests.html]
[www.sloodle.org/docs/SL_Release_Checklist.html]
[www.sloodle.org/docs/Sloodle_PHP_API.html]
[www.sloodle.org/docs/Sloodle_LSL_Library.html]
[www.sloodle.org/docs/Sloodle_communications_specification.html]
[www.sloodle.org/docs/Component_Specifications.html]
[www.sloodle.org/docs/Changing_Database_Fields.html]
[www.sloodle.org/docs/Roadmap.html]
[www.sloodle.org/docs/Action_Points.html]
[www.sloodle.org/docs/SLOODLE_LSL_API.html]
[www.sloodle.org/docs/SloodleUserDocs.html]
[www.sloodle.org/docs/SloodleAdminDocs.html]
[www.sloodle.org/docs/SloodleDevDocs.html]
[www.sloodle.org/docs/Sloodle_Developer_Documents.html]
[www.sloodle.org/docs/Sloodle.html]
[www.sloodle.org/docs/Sloodle_Portada.html]
[www.sloodle.org/docs/Translating_on_the_Sloodle_wiki.html]
[www.sloodle.org/docs/Sloodle_config.html]
[www.sloodle.org/docs/Translating_the_Sloodle_module.html]
[www.sloodle.org/docs/Localization_String_Guidelines.html]
[www.sloodle.org/docs/Sloodle_config_sample.html]
[www.sloodle.org/docs/http__/localhost/sl/index.27c5e8.delayed]
[www.sloodle.org/docs/http__/localhost/sl/index.2805f3.delayed]
[www.sloodle.org/docs/Translating_Sloodle_objects_in_Second_Life.html]
[www.sloodle.org/docs/Installing_the_Sloodle_Module.html]
[www.sloodle.org/docs/Install_Sloodle.html]
[www.sloodle.org/docs/How_do_I_Get_Started_with_Sloodle.html]
[www.sloodle.org/docs/Getting_help_with_Sloodle.html]
[www.sloodle.org/docs/Reporting_Sloodle_problems.html]
[www.sloodle.org/docs/Making_new_Sloodle_objects.html]
[www.sloodle.org/docs/Getting_started_with_Sloodle.html]
[www.sloodle.org/docs/Sloodle_Quiz_Chair.html]
[www.sloodle.org/docs/Sloodle_MetaGloss.html]
[www.sloodle.org/docs/Linker_Scripts.html]
[www.sloodle.org/docs/Getting_started_as_a_Sloodle_programmer.html]
[www.sloodle.org/docs/Sloodle_programming_survival_kit.html]
[www.sloodle.org/docs/How_objects_get_setup_with_basic_class_configuration_information.html]
[www.sloodle.org/docs/Interface_Scripts.html]
[www.sloodle.org/docs/Sloodle_Versions.html]
[www.sloodle.org/docs/Sloodle_Set.html]
[www.sloodle.org/docs/Sloodle_Registration_Booth.html]
[www.sloodle.org/docs/Sloodle_Enrolment_Booth.html]
[www.sloodle.org/docs/Sloodle_Access_Checker.html]
[www.sloodle.org/docs/Sloodle_Access_Checker_Door.html]
[www.sloodle.org/docs/Sloodle_Login_Zone.html]
[www.sloodle.org/docs/Sloodle_Toolbar.html]
[www.sloodle.org/docs/Sloodle_Object_Distributor.html]
[www.sloodle.org/docs/http__/localhost/sl/index.3871c1.delayed]
[www.sloodle.org/docs/Sloodle_Object_Selector.html]
[www.sloodle.org/docs/Sloodle_WebIntercom.html]
[www.sloodle.org/docs/http__/localhost/sl/index.3b69bd.delayed]
[www.sloodle.org/docs/Moodle-SL_Interactions.html]
[www.sloodle.org/docs/Linker_Script.html]
[www.sloodle.org/docs/Interface_Script.html]
[www.sloodle.org/docs/Sloodle_variables.html]
[www.sloodle.org/docs/Sloodle_programming_guidelines.html]
[www.sloodle.org/docs/Sloodle_Source_Code_Repository.html]
[www.sloodle.org/docs/LSL_Style_Guidelines.html]
[www.sloodle.org/docs/Object_Authorization.html]
[www.sloodle.org/docs/XMLRPC_in_Sloodle.html]
[www.sloodle.org/docs/Moodle_Distribution_Interface.html]
[www.sloodle.org/docs/http__/localhost/sl/index.421d2e.delayed]
[www.sloodle.org/docs/Update_Module_Page.html]
[www.sloodle.org/docs/Add_Module_Page.html]
[www.sloodle.org/docs/wiki/images/8/2F/8/8/8d/Addpage.jpg]
[www.sloodle.org/docs/AddElement_attributes.html]
[www.sloodle.org/docs/Unit_tests.html]
[www.sloodle.org/docs/SL_Release_Checklist.html]
[www.sloodle.org/docs/wiki/images/9/2F/9/9/9d/Helpfiles.jpg]
[www.sloodle.org/docs/Sloodle_PHP_API.html]
[www.sloodle.org/docs/Sloodle_API_Examples.html]
[www.sloodle.org/docs/Sloodle_module_file_reference.html]
[www.sloodle.org/docs/http__/localhost/sl/index.47c15f.delayed]
[www.sloodle.org/docs/http__/localhost/sl/index.48fdfd.delayed]
[www.sloodle.org/docs/http__/localhost/sl/index.49680a.delayed]
[www.sloodle.org/docs/Sloodle_LSL_Library.html]
[www.sloodle.org/docs/Sloodle_wait_for_configuration.html]
[www.sloodle.org/docs/Sloodle_channels.html]
[www.sloodle.org/docs/Communicating_between_server_and_client.html]
[www.sloodle.org/docs/Sloodle_communications_specification.html]
[www.sloodle.org/docs/Sloodle_status_codes.html]
[www.sloodle.org/docs/Component_Specifications.html]
[www.sloodle.org/docs/Changing_Database_Fields.html]
[www.sloodle.org/docs/Sloodle_Choice_Specification.html]
[www.sloodle.org/docs/Roadmap.html]
[www.sloodle.org/docs/Action_Points.html]
[www.sloodle.org/docs/Database_changes.html]
[www.sloodle.org/docs/GetClassList.html]
[www.sloodle.org/docs/MakeTransaction.html]
[www.sloodle.org/docs/GetSloodleObjects.html]
[www.sloodle.org/docs/GetLessons.html]
[www.sloodle.org/docs/GetUsersGrps.html]
[www.sloodle.org/docs/GetAwardGrpMbrs.html]
[www.sloodle.org/docs/GetAwardGrps.html]
[www.sloodle.org/docs/GetLessonPages.html]
[www.sloodle.org/docs/GetGrps.html]
[www.sloodle.org/docs/AddGrpMbr.html]
[www.sloodle.org/docs/AddAwardGrp.html]
[www.sloodle.org/docs/GetLessonAnswers.html]
[www.sloodle.org/docs/RemoveGrpMbr.html]
[www.sloodle.org/docs/RemoveAwardGrp.html]
[www.sloodle.org/docs/GetTeamScore.html]
[www.sloodle.org/docs/GetTeamScores.html]
[www.sloodle.org/docs/GetAwards.html]
[www.sloodle.org/docs/RegisterScoreboard.html]
[www.sloodle.org/docs/SLOODLE_LSL_API.html]
[www.sloodle.org/docs/DeregisterScoreboard.html]
[www.sloodle.org/docs/SloodleUserDocs.html]
[www.sloodle.org/docs/Sloodle_User_Documents.html]
[www.sloodle.org/docs/SloodleAdminDocs.html]
[www.sloodle.org/docs/SloodleDevDocs.html]
[www.sloodle.org/docs/Sloodle_Administrator_Documentation.html]
[www.sloodle.org/docs/Sloodle.html]
[www.sloodle.org/docs/SLOODLE-2.html]
[www.sloodle.org/docs/Sloodle_Home_Page.html]
[www.sloodle.org/docs/Sloodle_Home_Page-es.html]
[www.sloodle.org/docs/Sloodle_Home_Page-fr.html]
[www.sloodle.org/docs/Sloodle_Home_Page-it.html]
[www.sloodle.org/docs/Sloodle_Home_Page-pl.html]
[www.sloodle.org/docs/Sloodle_Home_Page-pt.html]
[www.sloodle.org/docs/Sloodle_Home_Page-ja.html]
[www.sloodle.org/docs/wiki/images/4/2F/4/4/45/Sloodle_Title_ES.jpg]
[www.sloodle.org/docs/Sloodle_Portada.html]
[www.sloodle.org/docs/wiki/images/d/2F/d/d/d7/Sloodle_concept_es.png]
[www.sloodle.org/docs/Sloodle_Notecard_Setup_Page.html]
[www.sloodle.org/docs/Sloodle_config.html]
[www.sloodle.org/docs/Localization_String_Guidelines.html]
[www.sloodle.org/docs/Sloodle_config_sample.html]
[www.sloodle.org/docs/Prim_Password.html]
[www.sloodle.org/docs/http__/localhost/sl/index.7160ad.delayed]
[www.sloodle.org/docs/http__/localhost/sl/index.7292ee.delayed]
[www.sloodle.org/docs/Install_Sloodle-it.html]
[www.sloodle.org/docs/http__/localhost/sl/index.74f7f1.delayed]
[www.sloodle.org/docs/http__/localhost/sl/index.758aa9.delayed]
[www.sloodle.org/docs/Install_Sloodle-ja.html]
[www.sloodle.org/docs/Download_Sloodle.77.delayed]
[www.sloodle.org/docs/wiki/images/a/2F/a/a/a8/MoodleFiles.jpg]
[www.sloodle.org/skins/common/images/m/a/g/magnify-clip.79.delayed]
[www.sloodle.org/docs/http__/localhost/sl/index.7af1ec.delayed]
[www.sloodle.org/docs/http__/localhost/sl/index.7bc40b.delayed]
[www.sloodle.org/docs/Configure_Sloodle.html]
[www.sloodle.org/docs/Install_Sloodle.html]
[www.sloodle.org/docs/Getting_started_with_Sloodle.html]
[www.sloodle.org/docs/Get_the_Sloodle_Objects.html]
[www.sloodle.org/docs/wiki/images/4/2F/4/4/45/Quizchair.jpg]
[www.sloodle.org/docs/Sloodle_Quiz_Chair.html]
[www.sloodle.org/docs/wiki/images/3/2F/3/3/36/Questions.jpg]
[www.sloodle.org/docs/Sloodle_MetaGloss.html]
[www.sloodle.org/docs/Linker_Scripts.html]
[www.sloodle.org/docs/Interface_Scripts.html]
[www.sloodle.org/docs/Sloodle_notecard_setup_page-2.html]
[www.sloodle.org/docs/Sloodle_Module_Configuration.html]
[www.sloodle.org/docs/http__/localhost/sl/index.82f25e.delayed]
[www.sloodle.org/docs/Sloodle_Menu_Block.html]
[www.sloodle.org/docs/SLOODLE_Presenter.html]
[www.sloodle.org/docs/Sloodle_Picture_Gloss.html]
[www.sloodle.org/docs/http__/localhost/sl/index.87740c.delayed]
[www.sloodle.org/docs/http__/localhost/sl/index.886569.delayed]
[www.sloodle.org/docs/http__/localhost/sl/index.89e737.delayed]
[www.sloodle.org/docs/Sloodle_Choice.html]
[www.sloodle.org/docs/Sloodle_Vending_Machine.html]
[www.sloodle.org/docs/Sloodle_Distributor.html]
[www.sloodle.org/docs/Sloodle_Selector.html]
[www.sloodle.org/docs/Sloodle_Password_Reset.html]
[www.sloodle.org/docs/http__/localhost/sl/index.8fc084.delayed]
[www.sloodle.org/docs/http__/localhost/sl/index.90402a.delayed]
[www.sloodle.org/docs/Registration_and_Enrolment.html]
[www.sloodle.org/docs/http__/localhost/sl/index.920d98.delayed]
[www.sloodle.org/docs/Sloodle_Versions.html]
[www.sloodle.org/docs/wiki/images/6/2F/6/6/61/SloodleSimpleSet.jpg]
[www.sloodle.org/docs/wiki/images/0/2F/0/0/0a/SloodleSet.jpg]
[www.sloodle.org/docs/Sloodle_Prim_Drop.html]
[www.sloodle.org/docs/Quickstart_Sloodle_1.96.delayed]
[www.sloodle.org/docs/Quickstart_Sloodle_10.html]
[www.sloodle.org/docs/Sloodle_Set.html]
[www.sloodle.org/docs/Sloodle_Registration_Booth.html]
[www.sloodle.org/docs/Sloodle_Module_Instances.html]
[www.sloodle.org/docs/Sloodle_Enrolment_Booth.html]
[www.sloodle.org/docs/wiki/images/b/2F/b/b/bd/RegEnrol.png]
[www.sloodle.org/docs/Sloodle_Access_Checker.html]
[www.sloodle.org/docs/Sloodle_Access_Checker_Door.html]
[www.sloodle.org/docs/User_Authentication_Method.html]
[www.sloodle.org/docs/Sloodle_Login_Zone.html]
[www.sloodle.org/docs/Sloodle_LoginZone.html]
[www.sloodle.org/docs/http__/localhost/sl/index.9c9bf1.delayed]
[www.sloodle.org/docs/Sloodle_Toolbar.html]
[www.sloodle.org/docs/SLOODLE_Vending_Machine-2.html]
[www.sloodle.org/docs/http__/localhost/sl/index.9e1258.delayed]
[www.sloodle.org/docs/Sloodle_Object_Distributor.html]
[www.sloodle.org/docs/Sloodle_Object_Selector.html]
[www.sloodle.org/docs/Sloodle_WebIntercom.html]
[www.sloodle.org/docs/Linker_Script.html]
[www.sloodle.org/docs/Interface_Script.html]
[www.sloodle.org/docs/Sloodle_variables.html]
[www.sloodle.org/docs/wiki/images/d/2F/d/d/d1/WEBINTERCOME.jpg]
[www.sloodle.org/docs/LSL_Style_Guidelines.html]
[www.sloodle.org/docs/Shared_LSL_functions.html]
[www.sloodle.org/docs/http__/localhost/sl/index.a1057f.delayed]
[www.sloodle.org/docs/http__/localhost/sl/index.a39795.delayed]
[www.sloodle.org/docs/Object_Authorization.html]
[www.sloodle.org/docs/Sloodle_Controller_Module.html]
[www.sloodle.org/docs/Moodle_Distribution_Interface.html]
[www.sloodle.org/docs/Sloodle_API_Examples.html]
[www.sloodle.org/docs/Sloodle_Distributor_Module.html]
[www.sloodle.org/docs/wiki/images/6/2F/6/6/67/Folder.gif]
[www.sloodle.org/docs/Sloodle_module_file_reference.html]
[www.sloodle.org/docs/wiki/images/a/2F/a/a/af/File.gif]
[www.sloodle.org/docs/http__/localhost/sl/index.a75d85.delayed]
[www.sloodle.org/docs/Sloodle_wait_for_configuration.html]
[www.sloodle.org/docs/Sloodle_channels.html]
[www.sloodle.org/docs/SloodleLSLHandler.html]
[www.sloodle.org/docs/SloodleLSLResponse.html]
[www.sloodle.org/docs/Communicating_between_server_and_client.html]
[www.sloodle.org/docs/Sloodle_status_codes.html]
[www.sloodle.org/docs/Sloodle_Choice_Specification.html]
[www.sloodle.org/docs/Database_changes.html]
[www.sloodle.org/docs/Separating_data_into_pages.html]
[www.sloodle.org/docs/GetClassList.html]
[www.sloodle.org/docs/wiki/images/f/2F/f/f/f6/Getclasslist.jpg]
[www.sloodle.org/docs/MakeTransaction.html]
[www.sloodle.org/docs/wiki/images/2/2F/2/2/22/MakeTrans.jpg]
[www.sloodle.org/docs/GetSloodleObjects.html]
[www.sloodle.org/docs/wiki/images/a/2F/a/a/a7/Getobjects.jpg]
[www.sloodle.org/docs/GetLessons.html]
[www.sloodle.org/docs/wiki/images/f/2F/f/f/fd/Getlessons.jpg]
[www.sloodle.org/docs/GetUsersGrps.html]
[www.sloodle.org/docs/wiki/images/2/2F/2/2/20/GetUsersGrps.jpg]
[www.sloodle.org/docs/GetAwardGrpMbrs.html]
[www.sloodle.org/docs/wiki/images/a/2F/a/a/aa/Getawardgrpmbrs.jpg]
[www.sloodle.org/docs/GetAwardGrps.html]
[www.sloodle.org/docs/wiki/images/7/2F/7/7/75/GETAWARDGRPS.jpg]
[www.sloodle.org/docs/GetLessonPages.html]
[www.sloodle.org/docs/wiki/images/0/2F/0/0/09/GetlessonPages.jpg]
[www.sloodle.org/docs/wiki/images/3/2F/3/3/3e/GetGrps.jpg]
[www.sloodle.org/docs/GetGrps.html]
[www.sloodle.org/docs/AddGrpMbr.html]
[www.sloodle.org/docs/wiki/images/f/2F/f/f/f8/AddgrpMbr.jpg]
[www.sloodle.org/docs/wiki/images/7/2F/7/7/7b/AddAwardGrp.jpg]
[www.sloodle.org/docs/AddAwardGrp.html]
[www.sloodle.org/docs/GetLessonAnswers.html]
[www.sloodle.org/docs/wiki/images/a/2F/a/a/a6/GetlessonAnswers.jpg]
[www.sloodle.org/docs/RemoveGrpMbr.html]
[www.sloodle.org/docs/wiki/images/7/2F/7/7/71/RemovegrpMbr.jpg]
[www.sloodle.org/docs/RemoveAwardGrp.html]
[www.sloodle.org/docs/wiki/images/2/2F/2/2/28/RemoveAwardGrp.jpg]
[www.sloodle.org/docs/wiki/images/3/2F/3/3/3b/GetTeamScore.jpg]
[www.sloodle.org/docs/GetTeamScore.html]
[www.sloodle.org/docs/wiki/images/b/2F/b/b/be/Booth.jpg]
[www.sloodle.org/docs/GetTeamScores.html]
[www.sloodle.org/docs/GetAwards.html]
[www.sloodle.org/docs/wiki/images/4/2F/4/4/4c/GetTeamScores.jpg]
[www.sloodle.org/docs/RegisterScoreboard.html]
[www.sloodle.org/docs/wiki/images/b/2F/b/b/bf/Registerscoreboard.jpg]
[www.sloodle.org/docs/DeregisterScoreboard.html]
[www.sloodle.org/docs/wiki/images/c/2F/c/c/cd/Deregisterscoreboard.jpg]
[www.sloodle.org/docs/Quickstart_Sloodle_2.html]
[www.sloodle.org/docs/Sloodle_Pile_On_Quiz.html]
[www.sloodle.org/docs/Sloodle_User_Documents.html]
[www.sloodle.org/docs/Classroom.html]
[www.sloodle.org/docs/Sloodle_Administrator_Documentation.html]
[www.sloodle.org/docs/SLOODLE-2.html]
[www.sloodle.org/docs/Sloodle_Home_Page.html]
[www.sloodle.org/docs/Sloodle_Home_Page-es.html]
[www.sloodle.org/docs/Sloodle_Requirements.html]
[www.sloodle.org/docs/Sloodle_Home_Page-fr.html]
[www.sloodle.org/docs/wiki/images/0/2F/0/0/05/Sloodle_Concept.jpg]
[www.sloodle.org/docs/wiki/images/e/2F/e/e/ee/Sloodle_Logo.jpg]
[www.sloodle.org/docs/wiki/images/thumb2F/0/2F_/0/05/Sloodle_Concept.jpg/380px-Sloodle_Concept.c6.delayed]
[www.sloodle.org/docs/SloodleDocumentazioneUtenti.html]
[www.sloodle.org/docs/http__/localhost/sl/index.c8462c.delayed]
[www.sloodle.org/docs/http__/localhost/sl/index.c9909d.delayed]
[www.sloodle.org/docs/Second_Life_Navigation_Basics.html]
[www.sloodle.org/docs/SloodleDocs.html]
[www.sloodle.org/docs/http__/localhost/sl/index.cc298a.delayed]
[www.sloodle.org/docs/http__/localhost/sl/index.cd0cf1.delayed]
[www.sloodle.org/docs/http__/localhost/sl/index.ce1b05.delayed]
[www.sloodle.org/docs/Localization.html]
[www.sloodle.org/docs/http__/localhost/sl/index.d0490b.delayed]
[www.sloodle.org/docs/Daniel_Livingstone.html]
[www.sloodle.org/docs/Edmund_Edgar.html]
[www.sloodle.org/docs/Peter_Bloomfield.html]
[www.sloodle.org/docs/http__/localhost/sl/index.d40c91.delayed]
[www.sloodle.org/docs/http__/localhost/sl/index.d5b518.delayed]
[www.sloodle.org/docs/http__/localhost/sl/index.d62b43.delayed]
[www.sloodle.org/docs/Sloodle_Home_Page-it.html]
[www.sloodle.org/docs/wiki/images/b/2F/b/b/bb/Admin.gif]
[www.sloodle.org/docs/Feature_requests.html]
[www.sloodle.org/docs/Mapa_rozwoju.html]
[www.sloodle.org/docs/Sloodle_Home_Page-pl.html]
[www.sloodle.org/docs/Sloodle_Home_Page-pt.html]
[www.sloodle.org/docs/Technical_TODO_List.html]
[www.sloodle.org/docs/wiki/images/thumb2F/0/2F_/0/05/Sloodle_Concept.jpg/400px-Sloodle_Concept.db.delayed]
[www.sloodle.org/docs/wiki/images/thumb2F/c/2F_/c/c5/SLOODLE_gold-med-clip.jpg/300px-SLOODLE_gold-med-clip.dc.delayed]
[www.sloodle.org/docs/SloodleUserDocs-ja.html]
[www.sloodle.org/docs/Sloodle_Home_Page-ja.html]
[www.sloodle.org/docs/Sloodle_Notecard_Setup_Page.html]
[www.sloodle.org/docs/Prim_Password.html]
[www.sloodle.org/docs/Install_Sloodle-it.html]
[www.sloodle.org/docs/Install_Sloodle-ja.html]
[www.sloodle.org/docs/SloodleAdminDocs-ja.html]
[www.sloodle.org/docs/Auto_Registration.html]
[www.sloodle.org/docs/Configure_Sloodle.html]
[www.sloodle.org/docs/Get_the_Sloodle_Objects.html]
[www.sloodle.org/docs/Sloodle_notecard_setup_page-2.html]
[www.sloodle.org/docs/Sloodle_Module_Configuration.html]
[www.sloodle.org/docs/Auto_Enrolment.html]
[www.sloodle.org/docs/wiki/images/f/2F/f/f/f1/Sloodle_menu_block_0.21.png]
[www.sloodle.org/docs/wiki/images/a/2F/a/a/ae/Sloodle_menu_block_0.3.png]
[www.sloodle.org/docs/http__/localhost/sl/index.e90170.delayed]
[www.sloodle.org/docs/http__/localhost/sl/index.eae0ac.delayed]
[www.sloodle.org/docs/http__/localhost/sl/index.eb22fe.delayed]
[www.sloodle.org/docs/http__/localhost/sl/index.ecfe12.delayed]
[www.sloodle.org/docs/http__/localhost/sl/index.edf3ba.delayed]
[www.sloodle.org/docs/Sloodle_Menu_Block.html]
[www.sloodle.org/docs/Deed.html]
[www.sloodle.org/docs/wiki/images/9/2F/9/9/91/Settings.png]
[www.sloodle.org/docs/wiki/images/6/2F/6/6/64/WebMedia.png]
[www.sloodle.org/docs/wiki/images/1/2F/1/1/1c/Texture_sloodle2.jpg]
[www.sloodle.org/docs/wiki/images/7/2F/7/7/72/Texture_sloodle.jpg]
[www.sloodle.org/docs/PDF_Importer_installation.html]
[www.sloodle.org/docs/SLOODLE_Presenter.html]
[www.sloodle.org/docs/Sloodle_Presenter_plugins.html]
[www.sloodle.org/docs/wiki/images/thumb2F/6/2F_/6/68/Picturegloss.jpg/500px-Picturegloss.f6.delayed]
[www.sloodle.org/docs/Sloodle_Picture_Gloss.html]
[www.sloodle.org/docs/wiki/images/6/2F/6/6/67/Picturegloss2.jpg]
[www.sloodle.org/docs/wiki/images/c/2F/c/c/c2/Sloodle_choice.jpg]
[www.sloodle.org/docs/http__/localhost/sl/index.f942d4.delayed]
[www.sloodle.org/docs/Sloodle_Choice.html]
[www.sloodle.org/docs/Sloodle_Vending_Machine.html]
[www.sloodle.org/docs/Sloodle_Distributor.html]
[www.sloodle.org/docs/Sloodle_Selector.html]
[www.sloodle.org/docs/Automatic_enrollment.html]
[www.sloodle.org/docs/Sloodle_Password_Reset.html]
[www.sloodle.org/docs/wiki/images/f/2F/f/f/fd/Passwordreset.jpg]
[www.sloodle.org/docs/Registration_and_Enrolment.html]
[www.sloodle.org/docs/Sloodle_Course_Selector.html]
[www.sloodle.org/docs/Sloodle_Prim_Drop.html]
[www.sloodle.org/docs/wiki/images/8/2F/8/8/8f/Primdrop.jpg]
[www.sloodle.org/docs/wiki/images/1/2F/1/1/1b/SloodleSimpleSetopen.jpg]
[www.sloodle.org/docs/wiki/images/9/2F/9/9/98/Gotopage.jpg]
[www.sloodle.org/docs/wiki/images/3/2F/3/3/33/Submit.jpg]
[www.sloodle.org/docs/wiki/images/6/2F/6/6/65/Download.jpg]
[www.sloodle.org/docs/wiki/images/4/2F/4/4/40/Downloadconfig.jpg]
[www.sloodle.org/docs/wiki/images/thumb2F/8/2F_/8/89/Rezme.jpg/200px-Rezme.103.delayed]
[www.sloodle.org/docs/Quickstart_Sloodle_10.html]
[www.sloodle.org/docs/wiki/images/7/2F/7/7/72/Choosetool.jpg]
[www.sloodle.org/docs/Sloodle_Module_Instances.html]
[www.sloodle.org/docs/Sloodle_Instances.html]
[www.sloodle.org/docs/Auto_registration-2.html]
[www.sloodle.org/docs/User_Authentication_Method.html]
[www.sloodle.org/docs/Auto_enrolment-2.html]
[www.sloodle.org/docs/Sloodle_LoginZone.html]
[www.sloodle.org/docs/SLOODLE_Vending_Machine-2.html]
[www.sloodle.org/docs/Shared_LSL_functions.html]
[www.sloodle.org/docs/wiki/images/b/2F/b/b/bc/LoginZone.png]
[www.sloodle.org/docs/Sloodle_Controller_Module.html]
[www.sloodle.org/docs/Sloodle_Distributor_Module.html]
[www.sloodle.org/docs/Object_Authorisation.html]
[www.sloodle.org/docs/SloodleLSLRequest.html]
[www.sloodle.org/docs/SloodleUser.html]
[www.sloodle.org/docs/http__/localhost/sl/index.10c52ea.delayed]
[www.sloodle.org/docs/wiki/images/5/2F/5/5/5f/Sloodle_api_uml_highlight_handler.jpg]
[www.sloodle.org/docs/SloodleLSLHandler.html]
[www.sloodle.org/docs/Login_Security_Token.html]
[www.sloodle.org/docs/wiki/images/3/2F/3/3/3d/Sloodle_api_uml_highlight_response.jpg]
[www.sloodle.org/docs/SLOODLE_LINE_SEPARATOR.html]
[www.sloodle.org/docs/SloodleLSLResponse.html]
[www.sloodle.org/docs/Separating_data_into_pages.html]
[www.sloodle.org/docs/SLOODLE_FIELD_SEPARATOR.html]
[www.sloodle.org/docs/Quickstart_Sloodle_2.html]
[www.sloodle.org/docs/Network_requirements_for_SLOODLE_2.html]
[www.sloodle.org/docs/Sloodle_Pile_On_Quiz.html]
[www.sloodle.org/docs/Classroom.html]
[www.sloodle.org/docs/wiki/images/6/2F/6/6/6b/PileOn.png]
[www.sloodle.org/docs/Sloodle_Requirements.html]
[www.sloodle.org/docs/http__/localhost/sl/index.1159c02.delayed]
[www.sloodle.org/docs/http__/localhost/sl/index.1164c04.delayed]
[www.sloodle.org/docs/Sloodle_Cron_Job.html]
[www.sloodle.org/docs/http__/localhost/sl/index.117b9da.delayed]
[www.sloodle.org/docs/Sloodle_Postcard_Blogger_(Freemail).118.delayed]
[www.sloodle.org/docs/http__/localhost/sl/index.1193920.delayed]
[www.sloodle.org/docs/http__/localhost/sl/index.11adf23.delayed]
[www.sloodle.org/docs/http__/localhost/sl/index.11b068e.delayed]
[www.sloodle.org/docs/http__/localhost/sl/index.11cdc86.delayed]
[www.sloodle.org/docs/SloodleDocumentazioneUtenti.html]
[www.sloodle.org/docs/Second_Life_Navigation_Basics.html]
[www.sloodle.org/docs/SloodleDocs.html]
[www.sloodle.org/docs/Localization.html]
[www.sloodle.org/docs/Daniel_Livingstone.html]
[www.sloodle.org/docs/Edmund_Edgar.html]
[www.sloodle.org/docs/Peter_Bloomfield.html]
[www.sloodle.org/docs/http__/localhost/sl/index.11e169e.delayed]
[www.sloodle.org/docs/Integrate_whiteboard_module.html]
[www.sloodle.org/docs/http__/localhost/sl/index.1208c35.delayed]
[www.sloodle.org/docs/Feature_requests.html]
[www.sloodle.org/docs/Mapa_rozwoju.html]
[www.sloodle.org/docs/Technical_TODO_List.html]
[www.sloodle.org/docs/http__/localhost/sl/index.121dd90.delayed]
[www.sloodle.org/docs/http__/localhost/sl/index.12266aa.delayed]
[www.sloodle.org/docs/http__/localhost/sl/index.123856d.delayed]
[www.sloodle.org/docs/http__/localhost/sl/index.124cc24.delayed]
[www.sloodle.org/docs/http__/localhost/sl/index.125eb8b.delayed]
[www.sloodle.org/docs/SLOODLE_Presenter-ja.html]
[www.sloodle.org/docs/SloodleUserDocs-ja.html]
[www.sloodle.org/docs/Sloodle_Awards_System.html]
[www.sloodle.org/docs/Sloodle_Database_Usage.html]
[www.sloodle.org/docs/http__/localhost/sl/index.129402d.delayed]
[www.sloodle.org/docs/http__/localhost/sl/index.12ac8ed.delayed]
[www.sloodle.org/docs/http__/localhost/sl/index.12bf93f.delayed]
[www.sloodle.org/docs/SloodleAdminDocs-ja.html]
[www.sloodle.org/docs/Auto_Registration.html]
[www.sloodle.org/docs/Auto_Enrolment.html]
[www.sloodle.org/docs/wiki/images/7/2F/7/7/7a/Deeding.jpg]
[www.sloodle.org/docs/Deed.html]
[www.sloodle.org/docs/PDF_Importer_installation.html]
[www.sloodle.org/docs/Sloodle_Presenter_plugins.html]
[www.sloodle.org/docs/Automatic_enrollment.html]
[www.sloodle.org/docs/Sloodle_Course_Selector.html]
[www.sloodle.org/docs/Sloodle_Instances.html]
[www.sloodle.org/docs/Auto_registration-2.html]
[www.sloodle.org/docs/Auto_enrolment-2.html]
[www.sloodle.org/docs/Object_Authorisation.html]
[www.sloodle.org/docs/wiki/images/0/2F/0/0/02/Aboutland.jpg]
[www.sloodle.org/docs/wiki/images/f/2F/f/f/f8/Sloodle_api_uml_highlight_request.jpg]
[www.sloodle.org/docs/SLOODLE_AUTH_UNKNOWN.html]
[www.sloodle.org/docs/SLOODLE_AUTH_OK.html]
[www.sloodle.org/docs/SLOODLE_AUTH_FAILED.html]
[www.sloodle.org/docs/SloodleLSLRequest.html]
[www.sloodle.org/docs/Sloodle_required_param.html]
[www.sloodle.org/docs/SloodleUser.html]
[www.sloodle.org/docs/Login_Security_Token.html]
[www.sloodle.org/docs/SLOODLE_LINE_SEPARATOR.html]
[www.sloodle.org/docs/SLOODLE_FIELD_SEPARATOR.html]
[www.sloodle.org/docs/Network_requirements_for_SLOODLE_2.html]
[www.sloodle.org/docs/Sloodle_Cron_Job.html]
[www.sloodle.org/docs/Integrate_whiteboard_module.html]
[www.sloodle.org/docs/SLOODLE_Presenter-ja.html]
[www.sloodle.org/docs/wiki/images/e/2F/e/e/e1/Sloodle_api_uml_highlight_user.jpg]
[www.sloodle.org/docs/wiki/images/4/2F/4/4/46/Sloodleawardsicon1.gif]
[www.sloodle.org/docs/wiki/images/7/2F/7/7/75/Scoreboardadd.jpg]
[www.sloodle.org/docs/wiki/images/7/2F/7/7/7d/Sasmoodleactivity.jpg]
[www.sloodle.org/docs/wiki/images/1/2F/1/1/1a/Gradebook.jpg]
[www.sloodle.org/docs/Sloodle_Stipend_Giver.html]
[www.sloodle.org/docs/Sloodle_Awards_System.html]
[www.sloodle.org/docs/wiki/images/5/2F/5/5/5c/Stipendgiver.jpg]
[www.sloodle.org/docs/http__/localhost/sl/index.13ae854.delayed]
[www.sloodle.org/docs/Sloodle_Database_Usage.html]
[www.sloodle.org/docs/SLOODLE_AUTH_UNKNOWN.html]
[www.sloodle.org/docs/SLOODLE_AUTH_OK.html]
[www.sloodle.org/docs/SLOODLE_AUTH_FAILED.html]
[www.sloodle.org/docs/Sloodle_required_param.html]
[www.sloodle.org/docs/wiki/images/a/2F/a/a/af/Clickguy.jpg]
[www.sloodle.org/docs/wiki/images/5/2F/5/5/5e/Setup.jpg]
[www.sloodle.org/docs/wiki/images/1/2F/1/1/18/Addons.jpg]
[www.sloodle.org/docs/Sloodle_Stipend_Giver.html]
[www.sloodle.org/docs/wiki/images/1/2F/1/1/1c/Stipendchoose.jpg]
[www.sloodle.org/mod/wiki/pix/attachment.13f.delayed]
[www.sloodle.org/css/all.css]
[www.sloodle.org/docs/Sloodle_API_Examples.html]
[www.sloodle.org/docs/Sloodle_Notecard_Setup_Page.html]
[www.sloodle.org/skins/common/images/m/a/g/magnify-clip.html]
[www.sloodle.org/docs/Sloodle_notecard_setup_page-2.html]
[www.sloodle.org/docs/Sloodle_Prim_Drop.html]
[www.sloodle.org/docs/User_Authentication_Method.html]
[www.sloodle.org/docs/Shared_LSL_functions.html]
[www.sloodle.org/docs/Quickstart_Sloodle_2.html]
[www.sloodle.org/docs/Feature_requests.html]
[www.sloodle.org/docs/PDF_Importer_installation.html]
[www.sloodle.org/docs/Sloodle_Course_Selector.html]
[www.sloodle.org/docs/Sloodle_Instances.html]
[www.sloodle.org/docs/Object_Authorisation.html]
[www.sloodle.org/docs/Login_Security_Token.html]
[www.sloodle.org/docs/SLOODLE_LINE_SEPARATOR.html]
[www.sloodle.org/docs/Sloodle_Cron_Job.html]
[www.sloodle.org/docs/SLOODLE_AUTH_UNKNOWN.html]
[www.sloodle.org/docs/Sloodle_Stipend_Giver.html]
[www.sloodle.org/mod/wiki/pix/attachment.html]
